PHPUnit 10.5.63 by Sebastian Bergmann and contributors.

Runtime:       PHP 8.2.2
Configuration: D:\github\Laravel Project\package\UTM-footprints\phpunit.xml.dist

E

Time: 00:00.500, Memory: 26.00 MB

There was 1 error:

1) Ermradulsharma\Footprints\Tests\Unit\FootprinterTest::test_is_a_pure_function_when_cookie
Error: Class "Illuminate\Support\Facades\Str" not found

D:\github\Laravel Project\package\UTM-footprints\src\Footprinter.php:23
D:\github\Laravel Project\package\UTM-footprints\vendor\laravel\framework\src\Illuminate\Container\Container.php:1004
D:\github\Laravel Project\package\UTM-footprints\vendor\laravel\framework\src\Illuminate\Container\Container.php:832
D:\github\Laravel Project\package\UTM-footprints\vendor\laravel\framework\src\Illuminate\Foundation\Application.php:1078
D:\github\Laravel Project\package\UTM-footprints\vendor\laravel\framework\src\Illuminate\Container\Container.php:763
D:\github\Laravel Project\package\UTM-footprints\vendor\laravel\framework\src\Illuminate\Foundation\Application.php:1058
D:\github\Laravel Project\package\UTM-footprints\src\FootprintsServiceProvider.php:72
D:\github\Laravel Project\package\UTM-footprints\vendor\laravel\framework\src\Illuminate\Container\Container.php:952
D:\github\Laravel Project\package\UTM-footprints\vendor\laravel\framework\src\Illuminate\Container\Container.php:832
D:\github\Laravel Project\package\UTM-footprints\vendor\laravel\framework\src\Illuminate\Foundation\Application.php:1078
D:\github\Laravel Project\package\UTM-footprints\vendor\laravel\framework\src\Illuminate\Container\Container.php:763
D:\github\Laravel Project\package\UTM-footprints\vendor\laravel\framework\src\Illuminate\Foundation\Application.php:1058
D:\github\Laravel Project\package\UTM-footprints\vendor\laravel\framework\src\Illuminate\Support\Facades\Facade.php:361
D:\github\Laravel Project\package\UTM-footprints\src\FootprintsServiceProvider.php:48
D:\github\Laravel Project\package\UTM-footprints\vendor\laravel\framework\src\Illuminate\Macroable\Traits\Macroable.php:126
D:\github\Laravel Project\package\UTM-footprints\tests\Unit\FootprinterTest.php:14

ERRORS!
Tests: 1, Assertions: 0, Errors: 1, PHPUnit Deprecations: 1.
